docker-compose down -v
docker-compose up -d --build
docker-compose exec web python -m pytest -p no:warnings

Activate DB
===========
docker-compose exec web aerich init-db
docker-compose exec web python app/db.py
docker-compose exec web aerich init -t app.db.TORTOISE_ORM
docker-compose exec web-db psql -U postgres --> \c web_dev  \dt


Linting
========
docker-compose exec web flake8 --exclude env --ignore=501,F401
docker-compose exec web black . --exclude env


Manual Testing
===============
http -v http://localhost:8004
http -v http://localhost:8004/summaries
http -v http://localhost:8004/summaries/1/
http -v --json POST http://localhost:8004/summaries/ url=https://testdriven.io
http -v http://localhost:8004/summaries/2/
http -v --json PUT http://localhost:8004/summaries/2/ url=https://testdriven.io summary=super_duper
http -v DELETE http://localhost:8004/summaries/2/
http -v http://localhost:8004/summaries/2/
http -v http://localhost:8004/summaries/1/


Parallel Test Run
================
docker-compose exec web pytest -k "unit" -n auto -p no:warnings


Generate Summary
===============
http --json POST http://localhost:8004/summaries/ url=http://testdriven.io

Some Useful Pytest Commands
=================

# normal run
$ docker-compose exec web python -m pytest

# disable warnings
$ docker-compose exec web python -m pytest -p no:warnings

# run only the last failed tests
$ docker-compose exec web python -m pytest --lf

# run only the tests with names that match the string expression
$ docker-compose exec web python -m pytest -k "summary and not test_read_summary"

# stop the test session after the first failure
$ docker-compose exec web python -m pytest -x

# enter PDB after first failure then end the test session
$ docker-compose exec web python -m pytest -x --pdb

# stop the test run after two failures
$ docker-compose exec web python -m pytest --maxfail=2

# show local variables in tracebacks
$ docker-compose exec web python -m pytest -l

# list the 2 slowest tests
$ docker-compose exec web python -m pytest --durations=2